	.text
    # _main ()
    # (a)
# Allocation map
# t1	%rax
# t2	%rcx
# t3	%rdx
# t4	%rsi
# t5	%rdi
# t6	%r8
# a	%rbx
# t7	%r9
# t8	%rbp
# t9	%r12
# t10	%r13
# t11	%r14
	.p2align 4,0x90
	.globl _main
_main:
	pushq %rbx
	pushq %rbp
	pushq %r12
	pushq %r13
	pushq %r14
    # 0.  Begin:
F0_Begin:
    # 1.   t1 = call _malloc(8)
	movq $8,%rdi
	call _malloc
    # 2.   a = t1
	movq %rax,%rbx
    # 3.   t2 = 0 * 4
	movq $0,%rcx
	imulq $4,%rcx
    # 4.   t3 = a + t2
	movq %rbx,%rdx
	addq %rcx,%rdx
    # 5.   [t3]:I = 1
	movl $1,(%rdx)
    # 6.   t4 = 1 * 4
	movq $1,%rsi
	imulq $4,%rsi
    # 7.   t5 = a + t4
	movq %rbx,%rdi
	addq %rsi,%rdi
    # 8.   [t5]:I = 2
	movl $2,(%rdi)
    # 9.   t6 = 0 * 4
	movq $0,%r8
	imulq $4,%r8
    # 10.  t7 = a + t6
	movq %rbx,%r9
	addq %r8,%r9
    # 11.  t8 = [t7]:I
	movslq (%r9),%rbp
    # 12.  call _printInt(t8)
	movq %rbp,%rdi
	call _printInt
    # 13.  t9 = 1 * 4
	movq $1,%r12
	imulq $4,%r12
    # 14.  t10 = a + t9
	movq %rbx,%r13
	addq %r12,%r13
    # 15.  t11 = [t10]:I
	movslq (%r13),%r14
    # 16.  call _printInt(t11)
	movq %r14,%rdi
	call _printInt
    # 17.  return 
	popq %r14
	popq %r13
	popq %r12
	popq %rbp
	popq %rbx
	ret
    # 18. End:
F0_End:
