	.text
	.globl _class_Body
_class_Body:
	.quad _Body_go
    # _main ()
    # (b)
# Allocation map
# t1	%rbx
# t2	%rax
# t3	%rcx
# b	%rdx
# t4	%rdi
	.p2align 4,0x90
	.globl _main
_main:
	pushq %rbx
    # 0.  Begin:
F0_Begin:
    # 1.   t1 = call _malloc(12)
	movq $12,%rdi
	call _malloc
	movq %rax,%rbx
    # 2.   [t1]:P = _class_Body
	leaq _class_Body(%rip),%r10
	movq %r10,(%rbx)
    # 3.   call _init0_Body(t1)
	movq %rbx,%rdi
	call _init0_Body
    # 4.   b = t1
	movq %rbx,%rdx
    # 5.   t2 = [b]:P
	movq (%rdx),%rax
    # 6.   t3 = [t2]:P
	movq (%rax),%rcx
    # 7.   t4 = call * t3(b)
	movq %rdx,%rdi
	call * %rcx
	movq %rax,%rdi
    # 8.   call _printInt(t4)
	call _printInt
    # 9.   return 
	popq %rbx
	ret
    # 10. End:
F0_End:
    # _init0_Body (obj)
# Allocation map
# obj	%rdi
	.p2align 4,0x90
	.globl _init0_Body
_init0_Body:
	subq $8,%rsp
    # 0.  Begin:
F1_Begin:
    # 1.   8[obj]:I = 0
	movl $0,8(%rdi)
    # 2.   return 
	addq $8,%rsp
	ret
    # 3.  End:
F1_End:
    # _init_Body (obj, i)
# Allocation map
# obj	%rdi
# i	%rsi
	.p2align 4,0x90
	.globl _init_Body
_init_Body:
	subq $8,%rsp
    # 0.  Begin:
F2_Begin:
    # 1.   8[obj]:I = i
	movl %esi,8(%rdi)
    # 2.   return 
	addq $8,%rsp
	ret
    # 3.  End:
F2_End:
    # _Body_go (obj)
    # (j)
# Allocation map
# t1	%rax
# t2	%rcx
# obj	%rdi
# j	%rdx
	.p2align 4,0x90
	.globl _Body_go
_Body_go:
	subq $8,%rsp
    # 0.  Begin:
F3_Begin:
    # 1.   8[obj]:I = 4
	movl $4,8(%rdi)
    # 2.   t1 = 8[obj]:I
	movslq 8(%rdi),%rax
    # 3.   t2 = t1 + 2
	movq %rax,%rcx
	addq $2,%rcx
    # 4.   j = t2
	movq %rcx,%rdx
    # 5.   return j
	movq %rdx,%rax
	addq $8,%rsp
	ret
    # 6.  End:
F3_End:
