	.text
    # _main ()
    # (a, b, i)
	.p2align 4,0x90
	.globl _main
_main:
	pushq %rbx
    # 0.  Begin:
F0_Begin:
    # 1.   t1 = call _malloc(8)
	movq $8,%rdi
	call _malloc
    # 2.   a = t1
    # 3.   t2 = 0 * 4
	movq $0,%rbx
	imulq $4,%rbx
    # 4.   t3 = a + t2
	movq %rbx,%r10
	movq %rax,%rbx
	addq %r10,%rbx
    # 5.   [t3]:I = 2
	movl $2,(%rbx)
    # 6.   t4 = 1 * 4
	movq $1,%rbx
	imulq $4,%rbx
    # 7.   t5 = a + t4
	movq %rbx,%r10
	movq %rax,%rbx
	addq %r10,%rbx
    # 8.   [t5]:I = 4
	movl $4,(%rbx)
    # 9.   i = 0
	movq $0,%rbx
    # 10.  t6 = i * 4
	movq %rbx,%rcx
	imulq $4,%rcx
    # 11.  t7 = a + t6
	movq %rcx,%r10
	movq %rax,%rcx
	addq %r10,%rcx
    # 12.  t8 = [t7]:I
	movslq (%rcx),%rcx
    # 13.  t9 = i + 1
	addq $1,%rbx
    # 14.  t10 = t9 * 4
	imulq $4,%rbx
    # 15.  t11 = a + t10
	addq %rbx,%rax
    # 16.  t12 = [t11]:I
	movslq (%rax),%rax
    # 17.  t13 = t8 + t12
	movq %rax,%r10
	movq %rcx,%rax
	addq %r10,%rax
    # 18.  b = t13
    # 19.  call _printInt(b)
	movq %rax,%rdi
	call _printInt
    # 20.  return 
	popq %rbx
	ret
    # 21. End:
F0_End:
